// Jest Snapshot v1, https://goo.gl/fbAQLP

exports[`Snapshot test 1`] = `
<DocumentFragment>
  <p>
    Loading...
  </p>
</DocumentFragment>
`;

exports[`Snapshot test 2`] = `
<DocumentFragment>
  <p>
    Loading...
  </p>
</DocumentFragment>
`;
